Archive member included because of file (symbol)

C:\soft\marmalade\6.0\s3e\edk\lib\android\libedk.a(IwDebug.o)
                              debug\rooOpenUDID_platform.os (IwDebugTraceSetTraceChannel)
C:\soft\marmalade\6.0\s3e\edk\lib\android\libedk.a(edk_helpers.o)
                              debug\rooOpenUDID_platform.os (s3eEdkThreadRunOnOS)
c:/soft/Android/android-ndk-r7b/toolchains/arm-linux-androideabi-4.4.3/prebuilt/windows/bin/../lib/gcc/arm-linux-androideabi/4.4.3\libgcc.a(_aeabi_ldivmod.o)
                              C:\soft\marmalade\6.0\s3e\edk\lib\android\libedk.a(IwDebug.o) (__aeabi_ldivmod)
c:/soft/Android/android-ndk-r7b/toolchains/arm-linux-androideabi-4.4.3/prebuilt/windows/bin/../lib/gcc/arm-linux-androideabi/4.4.3\libgcc.a(bpabi.o)
                              c:/soft/Android/android-ndk-r7b/toolchains/arm-linux-androideabi-4.4.3/prebuilt/windows/bin/../lib/gcc/arm-linux-androideabi/4.4.3\libgcc.a(_aeabi_ldivmod.o) (__gnu_ldivmod_helper)
c:/soft/Android/android-ndk-r7b/toolchains/arm-linux-androideabi-4.4.3/prebuilt/windows/bin/../lib/gcc/arm-linux-androideabi/4.4.3\libgcc.a(unwind-arm.o)
                              C:\soft\marmalade\6.0\s3e\edk\lib\android\libedk.a(IwDebug.o) (__aeabi_unwind_cpp_pr0)
c:/soft/Android/android-ndk-r7b/toolchains/arm-linux-androideabi-4.4.3/prebuilt/windows/bin/../lib/gcc/arm-linux-androideabi/4.4.3\libgcc.a(libunwind.o)
                              c:/soft/Android/android-ndk-r7b/toolchains/arm-linux-androideabi-4.4.3/prebuilt/windows/bin/../lib/gcc/arm-linux-androideabi/4.4.3\libgcc.a(unwind-arm.o) (restore_core_regs)
c:/soft/Android/android-ndk-r7b/toolchains/arm-linux-androideabi-4.4.3/prebuilt/windows/bin/../lib/gcc/arm-linux-androideabi/4.4.3\libgcc.a(pr-support.o)
                              c:/soft/Android/android-ndk-r7b/toolchains/arm-linux-androideabi-4.4.3/prebuilt/windows/bin/../lib/gcc/arm-linux-androideabi/4.4.3\libgcc.a(unwind-arm.o) (__gnu_unwind_execute)
c:/soft/Android/android-ndk-r7b/toolchains/arm-linux-androideabi-4.4.3/prebuilt/windows/bin/../lib/gcc/arm-linux-androideabi/4.4.3\libgcc.a(_divdi3.o)
                              c:/soft/Android/android-ndk-r7b/toolchains/arm-linux-androideabi-4.4.3/prebuilt/windows/bin/../lib/gcc/arm-linux-androideabi/4.4.3\libgcc.a(bpabi.o) (__divdi3)
c:/soft/Android/android-ndk-r7b/toolchains/arm-linux-androideabi-4.4.3/prebuilt/windows/bin/../lib/gcc/arm-linux-androideabi/4.4.3\libgcc.a(_udivdi3.o)
                              c:/soft/Android/android-ndk-r7b/toolchains/arm-linux-androideabi-4.4.3/prebuilt/windows/bin/../lib/gcc/arm-linux-androideabi/4.4.3\libgcc.a(bpabi.o) (__udivdi3)
c:/soft/Android/android-ndk-r7b/toolchains/arm-linux-androideabi-4.4.3/prebuilt/windows/bin/../lib/gcc/arm-linux-androideabi/4.4.3\libgcc.a(_udivsi3.o)
                              c:/soft/Android/android-ndk-r7b/toolchains/arm-linux-androideabi-4.4.3/prebuilt/windows/bin/../lib/gcc/arm-linux-androideabi/4.4.3\libgcc.a(_divdi3.o) (__aeabi_uidiv)
c:/soft/Android/android-ndk-r7b/toolchains/arm-linux-androideabi-4.4.3/prebuilt/windows/bin/../lib/gcc/arm-linux-androideabi/4.4.3\libgcc.a(_dvmd_lnx.o)
                              c:/soft/Android/android-ndk-r7b/toolchains/arm-linux-androideabi-4.4.3/prebuilt/windows/bin/../lib/gcc/arm-linux-androideabi/4.4.3\libgcc.a(_udivsi3.o) (__div0)

Discarded input sections

 _ZN7_JNIEnv9FindClassEPKc
                0x00000000        0x0 debug\rooOpenUDID_platform.os
 _ZN7_JNIEnv17ExceptionOccurredEv
                0x00000000        0x0 debug\rooOpenUDID_platform.os
 _ZN7_JNIEnv17ExceptionDescribeEv
                0x00000000        0x0 debug\rooOpenUDID_platform.os
 _ZN7_JNIEnv14ExceptionClearEv
                0x00000000        0x0 debug\rooOpenUDID_platform.os
 _ZN7_JNIEnv12NewGlobalRefEP8_jobject
                0x00000000        0x0 debug\rooOpenUDID_platform.os
 _ZN7_JNIEnv15DeleteGlobalRefEP8_jobject
                0x00000000        0x0 debug\rooOpenUDID_platform.os
 _ZN7_JNIEnv14DeleteLocalRefEP8_jobject
                0x00000000        0x0 debug\rooOpenUDID_platform.os
 _ZN7_JNIEnv9NewObjectEP7_jclassP10_jmethodIDz
                0x00000000        0x0 debug\rooOpenUDID_platform.os
 _ZN7_JNIEnv11GetMethodIDEP7_jclassPKcS3_
                0x00000000        0x0 debug\rooOpenUDID_platform.os
 _ZN7_JNIEnv16CallObjectMethodEP8_jobjectP10_jmethodIDz
                0x00000000        0x0 debug\rooOpenUDID_platform.os
 _ZN7_JNIEnv17CallBooleanMethodEP8_jobjectP10_jmethodIDz
                0x00000000        0x0 debug\rooOpenUDID_platform.os
 _ZN7_JNIEnv14CallVoidMethodEP8_jobjectP10_jmethodIDz
                0x00000000        0x0 debug\rooOpenUDID_platform.os
 _ZN7_JNIEnv17GetStringUTFCharsEP8_jstringPh
                0x00000000        0x0 debug\rooOpenUDID_platform.os
 _ZN7_JNIEnv21ReleaseStringUTFCharsEP8_jstringPKc
                0x00000000        0x0 debug\rooOpenUDID_platform.os
 _ZN7_JavaVM6GetEnvEPPvi
                0x00000000        0x0 debug\rooOpenUDID_platform.os
 .text          0x00000000        0x0 debug\rooOpenUDID_platform.os
 .data          0x00000000        0x0 debug\rooOpenUDID_platform.os
 .note.GNU-stack
                0x00000000        0x0 debug\rooOpenUDID_platform.os
 .text          0x00000000        0x0 debug\rooOpenUDID.os
 .data          0x00000000        0x0 debug\rooOpenUDID.os
 .bss           0x00000000        0x0 debug\rooOpenUDID.os
 .note.GNU-stack
                0x00000000        0x0 debug\rooOpenUDID.os
 .text          0x00000000        0x0 debug\rooOpenUDID_register.os
 .data          0x00000000        0x0 debug\rooOpenUDID_register.os
 .bss           0x00000000        0x0 debug\rooOpenUDID_register.os
 .note.GNU-stack
                0x00000000        0x0 debug\rooOpenUDID_register.os
 .text          0x00000000        0x0 C:\soft\marmalade\6.0\s3e\edk\lib\android\libedk.a(IwDebug.o)
 .data          0x00000000        0x0 C:\soft\marmalade\6.0\s3e\edk\lib\android\libedk.a(IwDebug.o)
 .text.IwAssertRegisterTextCallback
                0x00000000        0x0 C:\soft\marmalade\6.0\s3e\edk\lib\android\libedk.a(IwDebug.o)
 .ARM.extab.text.IwAssertRegisterTextCallback
                0x00000000        0x0 C:\soft\marmalade\6.0\s3e\edk\lib\android\libedk.a(IwDebug.o)
 .ARM.exidx.text.IwAssertRegisterTextCallback
                0x00000000        0x0 C:\soft\marmalade\6.0\s3e\edk\lib\android\libedk.a(IwDebug.o)
 .text.IwAssertRegisterCallback
                0x00000000        0x0 C:\soft\marmalade\6.0\s3e\edk\lib\android\libedk.a(IwDebug.o)
 .ARM.extab.text.IwAssertRegisterCallback
                0x00000000        0x0 C:\soft\marmalade\6.0\s3e\edk\lib\android\libedk.a(IwDebug.o)
 .ARM.exidx.text.IwAssertRegisterCallback
                0x00000000        0x0 C:\soft\marmalade\6.0\s3e\edk\lib\android\libedk.a(IwDebug.o)
 .ARM.extab.text.IwDebugTraceSetTraceChannel
                0x00000000        0x0 C:\soft\marmalade\6.0\s3e\edk\lib\android\libedk.a(IwDebug.o)
 .text.IwDebugErrorRegisterCallback
                0x00000000        0x0 C:\soft\marmalade\6.0\s3e\edk\lib\android\libedk.a(IwDebug.o)
 .ARM.extab.text.IwDebugErrorRegisterCallback
                0x00000000        0x0 C:\soft\marmalade\6.0\s3e\edk\lib\android\libedk.a(IwDebug.o)
 .ARM.exidx.text.IwDebugErrorRegisterCallback
                0x00000000        0x0 C:\soft\marmalade\6.0\s3e\edk\lib\android\libedk.a(IwDebug.o)
 .text.IwDebugAssertSetUID
                0x00000000        0x0 C:\soft\marmalade\6.0\s3e\edk\lib\android\libedk.a(IwDebug.o)
 .ARM.extab.text.IwDebugAssertSetUID
                0x00000000        0x0 C:\soft\marmalade\6.0\s3e\edk\lib\android\libedk.a(IwDebug.o)
 .ARM.exidx.text.IwDebugAssertSetUID
                0x00000000        0x0 C:\soft\marmalade\6.0\s3e\edk\lib\android\libedk.a(IwDebug.o)
 .ARM.extab.text._GLOBAL__I_g_DebugGlobals
                0x00000000        0x0 C:\soft\marmalade\6.0\s3e\edk\lib\android\libedk.a(IwDebug.o)
 .text.IwDebugClearConfigCache
                0x00000000        0x0 C:\soft\marmalade\6.0\s3e\edk\lib\android\libedk.a(IwDebug.o)
 .ARM.extab.text.IwDebugClearConfigCache
                0x00000000        0x0 C:\soft\marmalade\6.0\s3e\edk\lib\android\libedk.a(IwDebug.o)
 .ARM.exidx.text.IwDebugClearConfigCache
                0x00000000        0x0 C:\soft\marmalade\6.0\s3e\edk\lib\android\libedk.a(IwDebug.o)
 .text.IwDebugErrorShow
                0x00000000        0x0 C:\soft\marmalade\6.0\s3e\edk\lib\android\libedk.a(IwDebug.o)
 .ARM.extab.text.IwDebugErrorShow
                0x00000000        0x0 C:\soft\marmalade\6.0\s3e\edk\lib\android\libedk.a(IwDebug.o)
 .ARM.exidx.text.IwDebugErrorShow
                0x00000000        0x0 C:\soft\marmalade\6.0\s3e\edk\lib\android\libedk.a(IwDebug.o)
 .ARM.extab.text.IwDebugTraceIsChannelOn
                0x00000000        0x0 C:\soft\marmalade\6.0\s3e\edk\lib\android\libedk.a(IwDebug.o)
 .text.IwDebugAssertIsChannelOn
                0x00000000        0x0 C:\soft\marmalade\6.0\s3e\edk\lib\android\libedk.a(IwDebug.o)
 .ARM.extab.text.IwDebugAssertIsChannelOn
                0x00000000        0x0 C:\soft\marmalade\6.0\s3e\edk\lib\android\libedk.a(IwDebug.o)
 .ARM.exidx.text.IwDebugAssertIsChannelOn
                0x00000000        0x0 C:\soft\marmalade\6.0\s3e\edk\lib\android\libedk.a(IwDebug.o)
 .text.IwDebugTraceDisable
                0x00000000        0x0 C:\soft\marmalade\6.0\s3e\edk\lib\android\libedk.a(IwDebug.o)
 .ARM.extab.text.IwDebugTraceDisable
                0x00000000        0x0 C:\soft\marmalade\6.0\s3e\edk\lib\android\libedk.a(IwDebug.o)
 .ARM.exidx.text.IwDebugTraceDisable
                0x00000000        0x0 C:\soft\marmalade\6.0\s3e\edk\lib\android\libedk.a(IwDebug.o)
 .text.IwDebugAssertSetMessage
                0x00000000        0x0 C:\soft\marmalade\6.0\s3e\edk\lib\android\libedk.a(IwDebug.o)
 .ARM.extab.text.IwDebugAssertSetMessage
                0x00000000        0x0 C:\soft\marmalade\6.0\s3e\edk\lib\android\libedk.a(IwDebug.o)
 .ARM.exidx.text.IwDebugAssertSetMessage
                0x00000000        0x0 C:\soft\marmalade\6.0\s3e\edk\lib\android\libedk.a(IwDebug.o)
 .text.IwDebugAssertSetSolution
                0x00000000        0x0 C:\soft\marmalade\6.0\s3e\edk\lib\android\libedk.a(IwDebug.o)
 .ARM.extab.text.IwDebugAssertSetSolution
                0x00000000        0x0 C:\soft\marmalade\6.0\s3e\edk\lib\android\libedk.a(IwDebug.o)
 .ARM.exidx.text.IwDebugAssertSetSolution
                0x00000000        0x0 C:\soft\marmalade\6.0\s3e\edk\lib\android\libedk.a(IwDebug.o)
 .text.IwDebugAssertShow
                0x00000000        0x0 C:\soft\marmalade\6.0\s3e\edk\lib\android\libedk.a(IwDebug.o)
 .ARM.extab.text.IwDebugAssertShow
                0x00000000        0x0 C:\soft\marmalade\6.0\s3e\edk\lib\android\libedk.a(IwDebug.o)
 .ARM.exidx.text.IwDebugAssertShow
                0x00000000        0x0 C:\soft\marmalade\6.0\s3e\edk\lib\android\libedk.a(IwDebug.o)
 .text.IwDebugTraceChannelSwitch
                0x00000000        0x0 C:\soft\marmalade\6.0\s3e\edk\lib\android\libedk.a(IwDebug.o)
 .ARM.extab.text.IwDebugTraceChannelSwitch
                0x00000000        0x0 C:\soft\marmalade\6.0\s3e\edk\lib\android\libedk.a(IwDebug.o)
 .ARM.exidx.text.IwDebugTraceChannelSwitch
                0x00000000        0x0 C:\soft\marmalade\6.0\s3e\edk\lib\android\libedk.a(IwDebug.o)
 .note.GNU-stack
                0x00000000        0x0 C:\soft\marmalade\6.0\s3e\edk\lib\android\libedk.a(IwDebug.o)
 .text          0x00000000        0x0 C:\soft\marmalade\6.0\s3e\edk\lib\android\libedk.a(edk_helpers.o)
 .data          0x00000000        0x0 C:\soft\marmalade\6.0\s3e\edk\lib\android\libedk.a(edk_helpers.o)
 .bss           0x00000000        0x0 C:\soft\marmalade\6.0\s3e\edk\lib\android\libedk.a(edk_helpers.o)
 .text.s3eEdkThreadRunOnOSAsync
                0x00000000        0x0 C:\soft\marmalade\6.0\s3e\edk\lib\android\libedk.a(edk_helpers.o)
 .ARM.extab.text.s3eEdkThreadRunOnOSAsync
                0x00000000        0x0 C:\soft\marmalade\6.0\s3e\edk\lib\android\libedk.a(edk_helpers.o)
 .ARM.exidx.text.s3eEdkThreadRunOnOSAsync
                0x00000000        0x0 C:\soft\marmalade\6.0\s3e\edk\lib\android\libedk.a(edk_helpers.o)
 .text.s3eEdkErrorSetString
                0x00000000        0x0 C:\soft\marmalade\6.0\s3e\edk\lib\android\libedk.a(edk_helpers.o)
 .ARM.extab.text.s3eEdkErrorSetString
                0x00000000        0x0 C:\soft\marmalade\6.0\s3e\edk\lib\android\libedk.a(edk_helpers.o)
 .ARM.exidx.text.s3eEdkErrorSetString
                0x00000000        0x0 C:\soft\marmalade\6.0\s3e\edk\lib\android\libedk.a(edk_helpers.o)
 .note.GNU-stack
                0x00000000        0x0 C:\soft\marmalade\6.0\s3e\edk\lib\android\libedk.a(edk_helpers.o)
 .data          0x00000000        0x0 c:/soft/Android/android-ndk-r7b/toolchains/arm-linux-androideabi-4.4.3/prebuilt/windows/bin/../lib/gcc/arm-linux-androideabi/4.4.3\libgcc.a(_aeabi_ldivmod.o)
 .bss           0x00000000        0x0 c:/soft/Android/android-ndk-r7b/toolchains/arm-linux-androideabi-4.4.3/prebuilt/windows/bin/../lib/gcc/arm-linux-androideabi/4.4.3\libgcc.a(_aeabi_ldivmod.o)
 .note.GNU-stack
                0x00000000        0x0 c:/soft/Android/android-ndk-r7b/toolchains/arm-linux-androideabi-4.4.3/prebuilt/windows/bin/../lib/gcc/arm-linux-androideabi/4.4.3\libgcc.a(_aeabi_ldivmod.o)
 .data          0x00000000        0x0 c:/soft/Android/android-ndk-r7b/toolchains/arm-linux-androideabi-4.4.3/prebuilt/windows/bin/../lib/gcc/arm-linux-androideabi/4.4.3\libgcc.a(bpabi.o)
 .bss           0x00000000        0x0 c:/soft/Android/android-ndk-r7b/toolchains/arm-linux-androideabi-4.4.3/prebuilt/windows/bin/../lib/gcc/arm-linux-androideabi/4.4.3\libgcc.a(bpabi.o)
 .ARM.extab     0x00000000        0x0 c:/soft/Android/android-ndk-r7b/toolchains/arm-linux-androideabi-4.4.3/prebuilt/windows/bin/../lib/gcc/arm-linux-androideabi/4.4.3\libgcc.a(bpabi.o)
 .note.GNU-stack
                0x00000000        0x0 c:/soft/Android/android-ndk-r7b/toolchains/arm-linux-androideabi-4.4.3/prebuilt/windows/bin/../lib/gcc/arm-linux-androideabi/4.4.3\libgcc.a(bpabi.o)
 .data          0x00000000        0x0 c:/soft/Android/android-ndk-r7b/toolchains/arm-linux-androideabi-4.4.3/prebuilt/windows/bin/../lib/gcc/arm-linux-androideabi/4.4.3\libgcc.a(unwind-arm.o)
 .bss           0x00000000        0x0 c:/soft/Android/android-ndk-r7b/toolchains/arm-linux-androideabi-4.4.3/prebuilt/windows/bin/../lib/gcc/arm-linux-androideabi/4.4.3\libgcc.a(unwind-arm.o)
 .note.GNU-stack
                0x00000000        0x0 c:/soft/Android/android-ndk-r7b/toolchains/arm-linux-androideabi-4.4.3/prebuilt/windows/bin/../lib/gcc/arm-linux-androideabi/4.4.3\libgcc.a(unwind-arm.o)
 .data          0x00000000        0x0 c:/soft/Android/android-ndk-r7b/toolchains/arm-linux-androideabi-4.4.3/prebuilt/windows/bin/../lib/gcc/arm-linux-androideabi/4.4.3\libgcc.a(libunwind.o)
 .bss           0x00000000        0x0 c:/soft/Android/android-ndk-r7b/toolchains/arm-linux-androideabi-4.4.3/prebuilt/windows/bin/../lib/gcc/arm-linux-androideabi/4.4.3\libgcc.a(libunwind.o)
 .note.GNU-stack
                0x00000000        0x0 c:/soft/Android/android-ndk-r7b/toolchains/arm-linux-androideabi-4.4.3/prebuilt/windows/bin/../lib/gcc/arm-linux-androideabi/4.4.3\libgcc.a(libunwind.o)
 .data          0x00000000        0x0 c:/soft/Android/android-ndk-r7b/toolchains/arm-linux-androideabi-4.4.3/prebuilt/windows/bin/../lib/gcc/arm-linux-androideabi/4.4.3\libgcc.a(pr-support.o)
 .bss           0x00000000        0x0 c:/soft/Android/android-ndk-r7b/toolchains/arm-linux-androideabi-4.4.3/prebuilt/windows/bin/../lib/gcc/arm-linux-androideabi/4.4.3\libgcc.a(pr-support.o)
 .ARM.extab     0x00000000        0x0 c:/soft/Android/android-ndk-r7b/toolchains/arm-linux-androideabi-4.4.3/prebuilt/windows/bin/../lib/gcc/arm-linux-androideabi/4.4.3\libgcc.a(pr-support.o)
 .note.GNU-stack
                0x00000000        0x0 c:/soft/Android/android-ndk-r7b/toolchains/arm-linux-androideabi-4.4.3/prebuilt/windows/bin/../lib/gcc/arm-linux-androideabi/4.4.3\libgcc.a(pr-support.o)
 .data          0x00000000        0x0 c:/soft/Android/android-ndk-r7b/toolchains/arm-linux-androideabi-4.4.3/prebuilt/windows/bin/../lib/gcc/arm-linux-androideabi/4.4.3\libgcc.a(_divdi3.o)
 .bss           0x00000000        0x0 c:/soft/Android/android-ndk-r7b/toolchains/arm-linux-androideabi-4.4.3/prebuilt/windows/bin/../lib/gcc/arm-linux-androideabi/4.4.3\libgcc.a(_divdi3.o)
 .ARM.extab     0x00000000        0x0 c:/soft/Android/android-ndk-r7b/toolchains/arm-linux-androideabi-4.4.3/prebuilt/windows/bin/../lib/gcc/arm-linux-androideabi/4.4.3\libgcc.a(_divdi3.o)
 .note.GNU-stack
                0x00000000        0x0 c:/soft/Android/android-ndk-r7b/toolchains/arm-linux-androideabi-4.4.3/prebuilt/windows/bin/../lib/gcc/arm-linux-androideabi/4.4.3\libgcc.a(_divdi3.o)
 .data          0x00000000        0x0 c:/soft/Android/android-ndk-r7b/toolchains/arm-linux-androideabi-4.4.3/prebuilt/windows/bin/../lib/gcc/arm-linux-androideabi/4.4.3\libgcc.a(_udivdi3.o)
 .bss           0x00000000        0x0 c:/soft/Android/android-ndk-r7b/toolchains/arm-linux-androideabi-4.4.3/prebuilt/windows/bin/../lib/gcc/arm-linux-androideabi/4.4.3\libgcc.a(_udivdi3.o)
 .ARM.extab     0x00000000        0x0 c:/soft/Android/android-ndk-r7b/toolchains/arm-linux-androideabi-4.4.3/prebuilt/windows/bin/../lib/gcc/arm-linux-androideabi/4.4.3\libgcc.a(_udivdi3.o)
 .note.GNU-stack
                0x00000000        0x0 c:/soft/Android/android-ndk-r7b/toolchains/arm-linux-androideabi-4.4.3/prebuilt/windows/bin/../lib/gcc/arm-linux-androideabi/4.4.3\libgcc.a(_udivdi3.o)
 .data          0x00000000        0x0 c:/soft/Android/android-ndk-r7b/toolchains/arm-linux-androideabi-4.4.3/prebuilt/windows/bin/../lib/gcc/arm-linux-androideabi/4.4.3\libgcc.a(_udivsi3.o)
 .bss           0x00000000        0x0 c:/soft/Android/android-ndk-r7b/toolchains/arm-linux-androideabi-4.4.3/prebuilt/windows/bin/../lib/gcc/arm-linux-androideabi/4.4.3\libgcc.a(_udivsi3.o)
 .note.GNU-stack
                0x00000000        0x0 c:/soft/Android/android-ndk-r7b/toolchains/arm-linux-androideabi-4.4.3/prebuilt/windows/bin/../lib/gcc/arm-linux-androideabi/4.4.3\libgcc.a(_udivsi3.o)
 .data          0x00000000        0x0 c:/soft/Android/android-ndk-r7b/toolchains/arm-linux-androideabi-4.4.3/prebuilt/windows/bin/../lib/gcc/arm-linux-androideabi/4.4.3\libgcc.a(_dvmd_lnx.o)
 .bss           0x00000000        0x0 c:/soft/Android/android-ndk-r7b/toolchains/arm-linux-androideabi-4.4.3/prebuilt/windows/bin/../lib/gcc/arm-linux-androideabi/4.4.3\libgcc.a(_dvmd_lnx.o)
 .note.GNU-stack
                0x00000000        0x0 c:/soft/Android/android-ndk-r7b/toolchains/arm-linux-androideabi-4.4.3/prebuilt/windows/bin/../lib/gcc/arm-linux-androideabi/4.4.3\libgcc.a(_dvmd_lnx.o)

Memory Configuration

Name             Origin             Length             Attributes
*default*        0x00000000         0xffffffff

Linker script and memory map

LOAD debug\rooOpenUDID_platform.os
LOAD debug\rooOpenUDID.os
LOAD debug\rooOpenUDID_register.os
LOAD C:\soft\marmalade\6.0\s3e\edk\lib\android\libedk.a
LOAD C:\soft\marmalade\6.0\s3e\edk\lib\android/libplaceholderplaceholderplaceholderplaceholderplaceholder.so
LOAD C:\soft\Android\android-ndk-r7b\platforms\android-9\arch-arm\usr\lib/libc.so
LOAD C:\soft\Android\android-ndk-r7b\platforms\android-9\arch-arm\usr\lib/libm.so
LOAD C:\soft\Android\android-ndk-r7b\platforms\android-9\arch-arm\usr\lib/liblog.so
LOAD C:\soft\Android\android-ndk-r7b\platforms\android-9\arch-arm\usr\lib/libstdc++.so
LOAD c:/soft/Android/android-ndk-r7b/toolchains/arm-linux-androideabi-4.4.3/prebuilt/windows/bin/../lib/gcc/arm-linux-androideabi/4.4.3\libgcc.a
                0x000000d4                . = (0x0 + SIZEOF_HEADERS)

.note.gnu.build-id
 *(.note.gnu.build-id)

.hash           0x000000d4      0x294
 *(.hash)
 .hash          0x000000d4      0x294 debug\rooOpenUDID_platform.os

.gnu.hash
 *(.gnu.hash)

.dynsym         0x00000368      0x600
 *(.dynsym)
 .dynsym        0x00000368      0x600 debug\rooOpenUDID_platform.os

.dynstr         0x00000968      0x610
 *(.dynstr)
 .dynstr        0x00000968      0x610 debug\rooOpenUDID_platform.os

.gnu.version    0x00000f78        0x0
 *(.gnu.version)
 .gnu.version   0x00000000        0x0 debug\rooOpenUDID_platform.os

.gnu.version_d  0x00000f78        0x0
 *(.gnu.version_d)
 .gnu.version_d
                0x00000000        0x0 debug\rooOpenUDID_platform.os

.gnu.version_r  0x00000f78        0x0
 *(.gnu.version_r)
 .gnu.version_r
                0x00000000        0x0 debug\rooOpenUDID_platform.os

.rel.dyn        0x00000f78       0xb0
 *(.rel.init)
 *(.rel.text .rel.text.* .rel.gnu.linkonce.t.*)
 .rel.text.IwAssertRegisterTextCallback
                0x00000000        0x0 debug\rooOpenUDID_platform.os
 .rel.text.IwAssertRegisterCallback
                0x00000000        0x0 debug\rooOpenUDID_platform.os
 .rel.text.IwDebugTraceSetTraceChannel
                0x00000f78        0x8 debug\rooOpenUDID_platform.os
 .rel.text.IwDebugErrorRegisterCallback
                0x00000000        0x0 debug\rooOpenUDID_platform.os
 .rel.text.IwDebugAssertSetUID
                0x00000000        0x0 debug\rooOpenUDID_platform.os
 .rel.text._GLOBAL__I_g_DebugGlobals
                0x00000f80        0x8 debug\rooOpenUDID_platform.os
 .rel.text.IwDebugClearConfigCache
                0x00000000        0x0 debug\rooOpenUDID_platform.os
 .rel.text.IwDebugErrorShow
                0x00000000        0x0 debug\rooOpenUDID_platform.os
 .rel.text.IwDebugTraceLineVPrintf
                0x00000f88       0x20 debug\rooOpenUDID_platform.os
 .rel.text.IwDebugTraceIsChannelOn
                0x00000fa8       0x18 debug\rooOpenUDID_platform.os
 .rel.text.IwDebugAssertIsChannelOn
                0x00000000        0x0 debug\rooOpenUDID_platform.os
 .rel.text.IwDebugAssertSetMessage
                0x00000000        0x0 debug\rooOpenUDID_platform.os
 .rel.text.IwDebugAssertSetSolution
                0x00000000        0x0 debug\rooOpenUDID_platform.os
 .rel.text.IwDebugAssertShow
                0x00000000        0x0 debug\rooOpenUDID_platform.os
 .rel.text.IwDebugTraceChannelSwitch
                0x00000000        0x0 debug\rooOpenUDID_platform.os
 *(.rel.fini)
 *(.rel.rodata .rel.rodata.* .rel.gnu.linkonce.r.*)
 *(.rel.data.rel.ro* .rel.gnu.linkonce.d.rel.ro.*)
 *(.rel.data .rel.data.* .rel.gnu.linkonce.d.*)
 *(.rel.tdata .rel.tdata.* .rel.gnu.linkonce.td.*)
 *(.rel.tbss .rel.tbss.* .rel.gnu.linkonce.tb.*)
 *(.rel.ctors)
 *(.rel.dtors)
 *(.rel.got)
 .rel.got       0x00000fc0       0x60 debug\rooOpenUDID_platform.os
 *(.rel.bss .rel.bss.* .rel.gnu.linkonce.b.*)
 .rel.init_array
                0x00001020        0x8 debug\rooOpenUDID_platform.os

.rela.dyn
 *(.rela.init)
 *(.rela.text .rela.text.* .rela.gnu.linkonce.t.*)
 *(.rela.fini)
 *(.rela.rodata .rela.rodata.* .rela.gnu.linkonce.r.*)
 *(.rela.data .rela.data.* .rela.gnu.linkonce.d.*)
 *(.rela.tdata .rela.tdata.* .rela.gnu.linkonce.td.*)
 *(.rela.tbss .rela.tbss.* .rela.gnu.linkonce.tb.*)
 *(.rela.ctors)
 *(.rela.dtors)
 *(.rela.got)
 *(.rela.bss .rela.bss.* .rela.gnu.linkonce.b.*)

.rel.plt        0x00001028       0xa8
 *(.rel.plt)
 .rel.plt       0x00001028       0xa8 debug\rooOpenUDID_platform.os

.rela.plt
 *(.rela.plt)

.init
 *(.init)

.plt            0x000010d0      0x110
 *(.plt)
 .plt           0x000010d0      0x110 debug\rooOpenUDID_platform.os

.text           0x000011e0     0x3028
 *(.text .stub .text.* .gnu.linkonce.t.*)
 .text._ZN7_JNIEnv9FindClassEPKc
                0x000011e0       0x40 debug\rooOpenUDID_platform.os
                0x000011e0                _JNIEnv::FindClass(char const*)
 .text._ZN7_JNIEnv17ExceptionOccurredEv
                0x00001220       0x38 debug\rooOpenUDID_platform.os
                0x00001220                _JNIEnv::ExceptionOccurred()
 .text._ZN7_JNIEnv17ExceptionDescribeEv
                0x00001258       0x30 debug\rooOpenUDID_platform.os
                0x00001258                _JNIEnv::ExceptionDescribe()
 .text._ZN7_JNIEnv14ExceptionClearEv
                0x00001288       0x30 debug\rooOpenUDID_platform.os
                0x00001288                _JNIEnv::ExceptionClear()
 .text._ZN7_JNIEnv12NewGlobalRefEP8_jobject
                0x000012b8       0x40 debug\rooOpenUDID_platform.os
                0x000012b8                _JNIEnv::NewGlobalRef(_jobject*)
 .text._ZN7_JNIEnv15DeleteGlobalRefEP8_jobject
                0x000012f8       0x38 debug\rooOpenUDID_platform.os
                0x000012f8                _JNIEnv::DeleteGlobalRef(_jobject*)
 .text._ZN7_JNIEnv14DeleteLocalRefEP8_jobject
                0x00001330       0x38 debug\rooOpenUDID_platform.os
                0x00001330                _JNIEnv::DeleteLocalRef(_jobject*)
 .text._ZN7_JNIEnv9NewObjectEP7_jclassP10_jmethodIDz
                0x00001368       0x60 debug\rooOpenUDID_platform.os
                0x00001368                _JNIEnv::NewObject(_jclass*, _jmethodID*, ...)
 .text._ZN7_JNIEnv11GetMethodIDEP7_jclassPKcS3_
                0x000013c8       0x50 debug\rooOpenUDID_platform.os
                0x000013c8                _JNIEnv::GetMethodID(_jclass*, char const*, char const*)
 .text._ZN7_JNIEnv16CallObjectMethodEP8_jobjectP10_jmethodIDz
                0x00001418       0x60 debug\rooOpenUDID_platform.os
                0x00001418                _JNIEnv::CallObjectMethod(_jobject*, _jmethodID*, ...)
 .text._ZN7_JNIEnv17CallBooleanMethodEP8_jobjectP10_jmethodIDz
                0x00001478       0x60 debug\rooOpenUDID_platform.os
                0x00001478                _JNIEnv::CallBooleanMethod(_jobject*, _jmethodID*, ...)
 .text._ZN7_JNIEnv14CallVoidMethodEP8_jobjectP10_jmethodIDz
                0x000014d8       0x50 debug\rooOpenUDID_platform.os
                0x000014d8                _JNIEnv::CallVoidMethod(_jobject*, _jmethodID*, ...)
 .text._ZN7_JNIEnv17GetStringUTFCharsEP8_jstringPh
                0x00001528       0x48 debug\rooOpenUDID_platform.os
                0x00001528                _JNIEnv::GetStringUTFChars(_jstring*, unsigned char*)
 .text._ZN7_JNIEnv21ReleaseStringUTFCharsEP8_jstringPKc
                0x00001570       0x40 debug\rooOpenUDID_platform.os
                0x00001570                _JNIEnv::ReleaseStringUTFChars(_jstring*, char const*)
 .text._ZN7_JavaVM6GetEnvEPPvi
                0x000015b0       0x48 debug\rooOpenUDID_platform.os
                0x000015b0                _JavaVM::GetEnv(void**, int)
 .text._ZL15s3eEdkJNIGetEnvv
                0x000015f8       0x48 debug\rooOpenUDID_platform.os
 .text._ZL27s3eEdkAndroidFindClass_realPKc
                0x00001640       0x7c debug\rooOpenUDID_platform.os
 .text._ZL22s3eEdkAndroidFindClassPKc
                0x000016bc       0x3c debug\rooOpenUDID_platform.os
 .text._Z24rooOpenUDIDInit_platformv
                0x000016f8      0x310 debug\rooOpenUDID_platform.os
                0x000016f8                rooOpenUDIDInit_platform()
 .text._Z29rooOpenUDIDTerminate_platformv
                0x00001a08        0x4 debug\rooOpenUDID_platform.os
                0x00001a08                rooOpenUDIDTerminate_platform()
 .text._Z25rooOpenUDID_init_platformv
                0x00001a0c       0x50 debug\rooOpenUDID_platform.os
                0x00001a0c                rooOpenUDID_init_platform()
 .text._Z34rooOpenUDID_isInitialized_platformv
                0x00001a5c       0x68 debug\rooOpenUDID_platform.os
                0x00001a5c                rooOpenUDID_isInitialized_platform()
 .text._Z29rooOpenUDID_getValue_platformv
                0x00001ac4       0xf0 debug\rooOpenUDID_platform.os
                0x00001ac4                rooOpenUDID_getValue_platform()
 .text._Z15rooOpenUDIDInitv
                0x00001bb4       0x18 debug\rooOpenUDID.os
                0x00001bb4                rooOpenUDIDInit()
 .text._Z20rooOpenUDIDTerminatev
                0x00001bcc       0x10 debug\rooOpenUDID.os
                0x00001bcc                rooOpenUDIDTerminate()
 .text.rooOpenUDID_init
                0x00001bdc       0x10 debug\rooOpenUDID.os
                0x00001bdc                rooOpenUDID_init
 .text.rooOpenUDID_isInitialized
                0x00001bec       0x18 debug\rooOpenUDID.os
                0x00001bec                rooOpenUDID_isInitialized
 .text.rooOpenUDID_getValue
                0x00001c04       0x18 debug\rooOpenUDID.os
                0x00001c04                rooOpenUDID_getValue
 .text._ZL21rooOpenUDID_init_wrapv
                0x00001c1c       0x8c debug\rooOpenUDID_register.os
 .text._ZL30rooOpenUDID_isInitialized_wrapv
                0x00001ca8       0xa4 debug\rooOpenUDID_register.os
 .text._ZL25rooOpenUDID_getValue_wrapv
                0x00001d4c       0x94 debug\rooOpenUDID_register.os
 .text._Z22rooOpenUDIDRegisterExtv
                0x00001de0       0xc4 debug\rooOpenUDID_register.os
                0x00001de0                rooOpenUDIDRegisterExt()
 .text.RegisterExt
                0x00001ea4       0x10 debug\rooOpenUDID_register.os
                0x00001ea4                RegisterExt
 .text.IwDebugTraceSetTraceChannel
                0x00001eb4       0x18 C:\soft\marmalade\6.0\s3e\edk\lib\android\libedk.a(IwDebug.o)
                0x00001eb4                IwDebugTraceSetTraceChannel
 .text._GLOBAL__I_g_DebugGlobals
                0x00001ecc       0x8c C:\soft\marmalade\6.0\s3e\edk\lib\android\libedk.a(IwDebug.o)
 .text.IwDebugTraceLineVPrintf
                0x00001f58       0xe8 C:\soft\marmalade\6.0\s3e\edk\lib\android\libedk.a(IwDebug.o)
                0x00001f58                IwDebugTraceLineVPrintf
 .text.IwDebugTraceLinePrintf
                0x00002040       0x30 C:\soft\marmalade\6.0\s3e\edk\lib\android\libedk.a(IwDebug.o)
                0x00002040                IwDebugTraceLinePrintf
 .text.IwDebugTraceIsChannelOn
                0x00002070      0x278 C:\soft\marmalade\6.0\s3e\edk\lib\android\libedk.a(IwDebug.o)
                0x00002070                IwDebugTraceIsChannelOn
 .text.s3eEdkThreadRunOnOS
                0x000022e8       0x30 C:\soft\marmalade\6.0\s3e\edk\lib\android\libedk.a(edk_helpers.o)
                0x000022e8                s3eEdkThreadRunOnOS
 .text          0x00002318       0x1c c:/soft/Android/android-ndk-r7b/toolchains/arm-linux-androideabi-4.4.3/prebuilt/windows/bin/../lib/gcc/arm-linux-androideabi/4.4.3\libgcc.a(_aeabi_ldivmod.o)
                0x00002318                __aeabi_ldivmod
 .text          0x00002334       0x88 c:/soft/Android/android-ndk-r7b/toolchains/arm-linux-androideabi-4.4.3/prebuilt/windows/bin/../lib/gcc/arm-linux-androideabi/4.4.3\libgcc.a(bpabi.o)
                0x00002334                __gnu_uldivmod_helper
                0x00002378                __gnu_ldivmod_helper
 .text          0x000023bc      0xec4 c:/soft/Android/android-ndk-r7b/toolchains/arm-linux-androideabi-4.4.3/prebuilt/windows/bin/../lib/gcc/arm-linux-androideabi/4.4.3\libgcc.a(unwind-arm.o)
                0x00002de4                __gnu_Unwind_RaiseException
                0x0000293c                __aeabi_unwind_cpp_pr0
                0x0000246c                _Unwind_GetCFA
                0x00002408                _Unwind_VRS_Set
                0x00002b80                __gnu_Unwind_Backtrace
                0x00002f14                _Unwind_VRS_Pop
                0x0000292c                __aeabi_unwind_cpp_pr2
                0x00002478                _Unwind_DeleteException
                0x00002474                _Unwind_Complete
                0x00002ea8                __gnu_Unwind_Resume
                0x00002d70                __gnu_Unwind_ForcedUnwind
                0x00002e88                __gnu_Unwind_Resume_or_Rethrow
                0x000023bc                _Unwind_VRS_Get
                0x00002934                __aeabi_unwind_cpp_pr1
 .text          0x00003280      0x1a8 c:/soft/Android/android-ndk-r7b/toolchains/arm-linux-androideabi-4.4.3/prebuilt/windows/bin/../lib/gcc/arm-linux-androideabi/4.4.3\libgcc.a(libunwind.o)
                0x000033e0                ___Unwind_ForcedUnwind
                0x0000329c                __gnu_Unwind_Save_VFP
                0x000033bc                _Unwind_Resume_or_Rethrow
                0x000033bc                ___Unwind_Resume_or_Rethrow
                0x00003404                _Unwind_Backtrace
                0x00003280                __restore_core_regs
                0x000032bc                __gnu_Unwind_Save_VFP_D_16_to_31
                0x000032ac                __gnu_Unwind_Save_VFP_D
                0x00003404                ___Unwind_Backtrace
                0x00003374                ___Unwind_RaiseException
                0x00003398                ___Unwind_Resume
                0x000032c4                __gnu_Unwind_Restore_WMMXD
                0x00003294                __gnu_Unwind_Restore_VFP
                0x00003398                _Unwind_Resume
                0x000032a4                __gnu_Unwind_Restore_VFP_D
                0x000032b4                __gnu_Unwind_Restore_VFP_D_16_to_31
                0x00003374                _Unwind_RaiseException
                0x00003280                restore_core_regs
                0x00003360                __gnu_Unwind_Save_WMMXC
                0x0000334c                __gnu_Unwind_Restore_WMMXC
                0x000033e0                _Unwind_ForcedUnwind
                0x00003308                __gnu_Unwind_Save_WMMXD
 .text          0x00003428      0x484 c:/soft/Android/android-ndk-r7b/toolchains/arm-linux-androideabi-4.4.3/prebuilt/windows/bin/../lib/gcc/arm-linux-androideabi/4.4.3\libgcc.a(pr-support.o)
                0x000034c8                _Unwind_GetRegionStart
                0x000034f4                __gnu_unwind_execute
                0x00003480                _Unwind_GetTextRelBase
                0x00003490                _Unwind_GetLanguageSpecificData
                0x0000386c                __gnu_unwind_frame
                0x00003488                _Unwind_GetDataRelBase
 .text          0x000038ac      0x47c c:/soft/Android/android-ndk-r7b/toolchains/arm-linux-androideabi-4.4.3/prebuilt/windows/bin/../lib/gcc/arm-linux-androideabi/4.4.3\libgcc.a(_divdi3.o)
                0x000038ac                __divdi3
 .text          0x00003d28      0x40c c:/soft/Android/android-ndk-r7b/toolchains/arm-linux-androideabi-4.4.3/prebuilt/windows/bin/../lib/gcc/arm-linux-androideabi/4.4.3\libgcc.a(_udivdi3.o)
                0x00003d28                __udivdi3
 .text          0x00004134       0xc4 c:/soft/Android/android-ndk-r7b/toolchains/arm-linux-androideabi-4.4.3/prebuilt/windows/bin/../lib/gcc/arm-linux-androideabi/4.4.3\libgcc.a(_udivsi3.o)
                0x00004134                __udivsi3
                0x00004134                __aeabi_uidiv
                0x000041e0                __aeabi_uidivmod
 .text          0x000041f8       0x10 c:/soft/Android/android-ndk-r7b/toolchains/arm-linux-androideabi-4.4.3/prebuilt/windows/bin/../lib/gcc/arm-linux-androideabi/4.4.3\libgcc.a(_dvmd_lnx.o)
                0x000041f8                __div0
 *(.gnu.warning)
 *(.glue_7t)
 .glue_7t       0x00000000        0x0 linker stubs
 *(.glue_7)
 .glue_7        0x00000000        0x0 linker stubs
 *(.vfp11_veneer)
 .vfp11_veneer  0x00000000        0x0 linker stubs
 *(.v4_bx)
 .v4_bx         0x00000000        0x0 linker stubs

.fini
 *(.fini)
                0x00004208                PROVIDE (__etext, .)
                0x00004208                PROVIDE (_etext, .)
                0x00004208                PROVIDE (etext, .)

.rodata         0x00004208      0x2cc
 *(.rodata .rodata.* .gnu.linkonce.r.*)
 .rodata        0x00004208       0xd0 debug\rooOpenUDID_platform.os
 .rodata        0x000042d8       0xe0 debug\rooOpenUDID_register.os
 .rodata.str1.4
                0x000043b8      0x11c C:\soft\marmalade\6.0\s3e\edk\lib\android\libedk.a(IwDebug.o)
                                0x120 (size before relaxing)

.rodata1
 *(.rodata1)

.ARM.extab      0x000044d4       0x48
 *(.ARM.extab* .gnu.linkonce.armextab.*)
 .ARM.extab.text.IwDebugTraceLineVPrintf
                0x000044d4        0xc C:\soft\marmalade\6.0\s3e\edk\lib\android\libedk.a(IwDebug.o)
 .ARM.extab.text.IwDebugTraceLinePrintf
                0x000044e0        0xc C:\soft\marmalade\6.0\s3e\edk\lib\android\libedk.a(IwDebug.o)
 .ARM.extab.text.s3eEdkThreadRunOnOS
                0x000044ec        0xc C:\soft\marmalade\6.0\s3e\edk\lib\android\libedk.a(edk_helpers.o)
 .ARM.extab     0x000044f8       0x24 c:/soft/Android/android-ndk-r7b/toolchains/arm-linux-androideabi-4.4.3/prebuilt/windows/bin/../lib/gcc/arm-linux-androideabi/4.4.3\libgcc.a(unwind-arm.o)
                0x0000451c                __exidx_start = .

.ARM.exidx      0x0000451c      0x128
 *(.ARM.exidx* .gnu.linkonce.armexidx.*)
 .ARM.exidx.text.IwDebugTraceSetTraceChannel
                0x0000451c        0x8 C:\soft\marmalade\6.0\s3e\edk\lib\android\libedk.a(IwDebug.o)
 .ARM.exidx.text._GLOBAL__I_g_DebugGlobals
                0x00004524        0x8 C:\soft\marmalade\6.0\s3e\edk\lib\android\libedk.a(IwDebug.o)
 .ARM.exidx.text.IwDebugTraceLineVPrintf
                0x0000452c        0x8 C:\soft\marmalade\6.0\s3e\edk\lib\android\libedk.a(IwDebug.o)
 .ARM.exidx.text.IwDebugTraceLinePrintf
                0x00004534        0x8 C:\soft\marmalade\6.0\s3e\edk\lib\android\libedk.a(IwDebug.o)
 .ARM.exidx.text.IwDebugTraceIsChannelOn
                0x0000453c        0x8 C:\soft\marmalade\6.0\s3e\edk\lib\android\libedk.a(IwDebug.o)
 .ARM.exidx.text.s3eEdkThreadRunOnOS
                0x00004544        0x8 C:\soft\marmalade\6.0\s3e\edk\lib\android\libedk.a(edk_helpers.o)
 .ARM.exidx     0x0000454c       0x10 c:/soft/Android/android-ndk-r7b/toolchains/arm-linux-androideabi-4.4.3/prebuilt/windows/bin/../lib/gcc/arm-linux-androideabi/4.4.3\libgcc.a(bpabi.o)
 .ARM.exidx     0x0000455c       0xa0 c:/soft/Android/android-ndk-r7b/toolchains/arm-linux-androideabi-4.4.3/prebuilt/windows/bin/../lib/gcc/arm-linux-androideabi/4.4.3\libgcc.a(unwind-arm.o)
 .ARM.exidx     0x000045fc       0x38 c:/soft/Android/android-ndk-r7b/toolchains/arm-linux-androideabi-4.4.3/prebuilt/windows/bin/../lib/gcc/arm-linux-androideabi/4.4.3\libgcc.a(pr-support.o)
 .ARM.exidx     0x00004634        0x8 c:/soft/Android/android-ndk-r7b/toolchains/arm-linux-androideabi-4.4.3/prebuilt/windows/bin/../lib/gcc/arm-linux-androideabi/4.4.3\libgcc.a(_divdi3.o)
 .ARM.exidx     0x0000463c        0x8 c:/soft/Android/android-ndk-r7b/toolchains/arm-linux-androideabi-4.4.3/prebuilt/windows/bin/../lib/gcc/arm-linux-androideabi/4.4.3\libgcc.a(_udivdi3.o)
                0x00004644                __exidx_end = .

.eh_frame_hdr
 *(.eh_frame_hdr)

.eh_frame
 *(.eh_frame)

.gcc_except_table
 *(.gcc_except_table .gcc_except_table.*)
                0x00004644                . = (ALIGN (0x1000) - ((0x1000 - .) & 0xfff))
                0x00005000                . = (0x1000 DATA_SEGMENT_ALIGN 0x1000)

.eh_frame
 *(.eh_frame)

.gcc_except_table
 *(.gcc_except_table .gcc_except_table.*)

.tdata
 *(.tdata .tdata.* .gnu.linkonce.td.*)

.tbss
 *(.tbss .tbss.* .gnu.linkonce.tb.*)
 *(.tcommon)

.preinit_array
 *(.preinit_array)

.init_array     0x00005000        0x4
 *(SORT(.init_array.*))
 *(.init_array)
 .init_array    0x00005000        0x4 C:\soft\marmalade\6.0\s3e\edk\lib\android\libedk.a(IwDebug.o)

.fini_array
 *(.fini_array)
 *(SORT(.fini_array.*))

.ctors
 *crtbegin.o(.ctors)
 *crtbegin?.o(.ctors)
 *(EXCLUDE_FILE(*crtend?.o *crtend.o) .ctors)
 *(SORT(.ctors.*))
 *(.ctors)

.dtors
 *crtbegin.o(.dtors)
 *crtbegin?.o(.dtors)
 *(EXCLUDE_FILE(*crtend?.o *crtend.o) .dtors)
 *(SORT(.dtors.*))
 *(.dtors)

.jcr
 *(.jcr)

.data.rel.ro
 *(.data.rel.ro.local* .gnu.linkonce.d.rel.ro.local.*)
 *(.data.rel.ro* .gnu.linkonce.d.rel.ro.*)

.dynamic        0x00005004       0xc0
 *(.dynamic)
 .dynamic       0x00005004       0xc0 debug\rooOpenUDID_platform.os
                0x00005004                _DYNAMIC
                0x000050c4                . = (. DATA_SEGMENT_RELRO_END 0x0)

.got            0x000050c4       0x90
 *(.got.plt)
 .got.plt       0x000050c4       0x60 debug\rooOpenUDID_platform.os
                0x000050c4                _GLOBAL_OFFSET_TABLE_
 *(.got)
 .got           0x00005124       0x30 debug\rooOpenUDID_platform.os

.data           0x00005154        0x0
                0x00005154                __data_start = .
 *(.data .data.* .gnu.linkonce.d.*)

.data1
 *(.data1)
                0x00005154                _edata = .
                0x00005154                PROVIDE (edata, .)
                0x00005154                __bss_start = .
                0x00005154                __bss_start__ = .

.bss            0x00005154     0x1a3c
 *(.dynbss)
 .dynbss        0x00000000        0x0 debug\rooOpenUDID_platform.os
 *(.bss .bss.* .gnu.linkonce.b.*)
 .bss           0x00005154       0x14 debug\rooOpenUDID_platform.os
                0x00005154                g_Str
 .bss           0x00005168     0x1a28 C:\soft\marmalade\6.0\s3e\edk\lib\android\libedk.a(IwDebug.o)
                0x00005168                g_DebugGlobals
 *(COMMON)
                0x00006b90                . = ALIGN ((. != 0x0)?0x4:0x1)
                0x00006b90                _bss_end__ = .
                0x00006b90                __bss_end__ = .
                0x00006b90                . = ALIGN (0x4)
                0x00006b90                . = ALIGN (0x4)
                0x00006b90                __end__ = .
                0x00006b90                _end = .
                0x00006b90                PROVIDE (end, .)
                0x00006b90                . = DATA_SEGMENT_END (.)

.stab
 *(.stab)

.stabstr
 *(.stabstr)

.stab.excl
 *(.stab.excl)

.stab.exclstr
 *(.stab.exclstr)

.stab.index
 *(.stab.index)

.stab.indexstr
 *(.stab.indexstr)

.comment        0x00000000       0xe6
 *(.comment)
 .comment       0x00000000       0x12 debug\rooOpenUDID_platform.os
 .comment       0x00000012       0x12 debug\rooOpenUDID.os
 .comment       0x00000024       0x12 debug\rooOpenUDID_register.os
 .comment       0x00000036       0x2b C:\soft\marmalade\6.0\s3e\edk\lib\android\libedk.a(IwDebug.o)
 .comment       0x00000061       0x2b C:\soft\marmalade\6.0\s3e\edk\lib\android\libedk.a(edk_helpers.o)
 .comment       0x0000008c       0x12 c:/soft/Android/android-ndk-r7b/toolchains/arm-linux-androideabi-4.4.3/prebuilt/windows/bin/../lib/gcc/arm-linux-androideabi/4.4.3\libgcc.a(bpabi.o)
 .comment       0x0000009e       0x12 c:/soft/Android/android-ndk-r7b/toolchains/arm-linux-androideabi-4.4.3/prebuilt/windows/bin/../lib/gcc/arm-linux-androideabi/4.4.3\libgcc.a(unwind-arm.o)
 .comment       0x000000b0       0x12 c:/soft/Android/android-ndk-r7b/toolchains/arm-linux-androideabi-4.4.3/prebuilt/windows/bin/../lib/gcc/arm-linux-androideabi/4.4.3\libgcc.a(pr-support.o)
 .comment       0x000000c2       0x12 c:/soft/Android/android-ndk-r7b/toolchains/arm-linux-androideabi-4.4.3/prebuilt/windows/bin/../lib/gcc/arm-linux-androideabi/4.4.3\libgcc.a(_divdi3.o)
 .comment       0x000000d4       0x12 c:/soft/Android/android-ndk-r7b/toolchains/arm-linux-androideabi-4.4.3/prebuilt/windows/bin/../lib/gcc/arm-linux-androideabi/4.4.3\libgcc.a(_udivdi3.o)

.debug
 *(.debug)

.line
 *(.line)

.debug_srcinfo
 *(.debug_srcinfo)

.debug_sfnames
 *(.debug_sfnames)

.debug_aranges  0x00000000      0x270
 *(.debug_aranges)
 .debug_aranges
                0x00000000       0xd0 debug\rooOpenUDID_platform.os
 .debug_aranges
                0x000000d0       0x40 debug\rooOpenUDID.os
 .debug_aranges
                0x00000110       0x40 debug\rooOpenUDID_register.os
 .debug_aranges
                0x00000150       0x20 c:/soft/Android/android-ndk-r7b/toolchains/arm-linux-androideabi-4.4.3/prebuilt/windows/bin/../lib/gcc/arm-linux-androideabi/4.4.3\libgcc.a(_aeabi_ldivmod.o)
 .debug_aranges
                0x00000170       0x20 c:/soft/Android/android-ndk-r7b/toolchains/arm-linux-androideabi-4.4.3/prebuilt/windows/bin/../lib/gcc/arm-linux-androideabi/4.4.3\libgcc.a(bpabi.o)
 .debug_aranges
                0x00000190       0x20 c:/soft/Android/android-ndk-r7b/toolchains/arm-linux-androideabi-4.4.3/prebuilt/windows/bin/../lib/gcc/arm-linux-androideabi/4.4.3\libgcc.a(unwind-arm.o)
 .debug_aranges
                0x000001b0       0x20 c:/soft/Android/android-ndk-r7b/toolchains/arm-linux-androideabi-4.4.3/prebuilt/windows/bin/../lib/gcc/arm-linux-androideabi/4.4.3\libgcc.a(libunwind.o)
 .debug_aranges
                0x000001d0       0x20 c:/soft/Android/android-ndk-r7b/toolchains/arm-linux-androideabi-4.4.3/prebuilt/windows/bin/../lib/gcc/arm-linux-androideabi/4.4.3\libgcc.a(pr-support.o)
 .debug_aranges
                0x000001f0       0x20 c:/soft/Android/android-ndk-r7b/toolchains/arm-linux-androideabi-4.4.3/prebuilt/windows/bin/../lib/gcc/arm-linux-androideabi/4.4.3\libgcc.a(_divdi3.o)
 .debug_aranges
                0x00000210       0x20 c:/soft/Android/android-ndk-r7b/toolchains/arm-linux-androideabi-4.4.3/prebuilt/windows/bin/../lib/gcc/arm-linux-androideabi/4.4.3\libgcc.a(_udivdi3.o)
 .debug_aranges
                0x00000230       0x20 c:/soft/Android/android-ndk-r7b/toolchains/arm-linux-androideabi-4.4.3/prebuilt/windows/bin/../lib/gcc/arm-linux-androideabi/4.4.3\libgcc.a(_udivsi3.o)
 .debug_aranges
                0x00000250       0x20 c:/soft/Android/android-ndk-r7b/toolchains/arm-linux-androideabi-4.4.3/prebuilt/windows/bin/../lib/gcc/arm-linux-androideabi/4.4.3\libgcc.a(_dvmd_lnx.o)

.debug_pubnames
                0x00000000      0x5df
 *(.debug_pubnames)
 .debug_pubnames
                0x00000000      0x265 debug\rooOpenUDID_platform.os
 .debug_pubnames
                0x00000265       0x8b debug\rooOpenUDID.os
 .debug_pubnames
                0x000002f0       0x3d debug\rooOpenUDID_register.os
 .debug_pubnames
                0x0000032d       0x45 c:/soft/Android/android-ndk-r7b/toolchains/arm-linux-androideabi-4.4.3/prebuilt/windows/bin/../lib/gcc/arm-linux-androideabi/4.4.3\libgcc.a(bpabi.o)
 .debug_pubnames
                0x00000372      0x177 c:/soft/Android/android-ndk-r7b/toolchains/arm-linux-androideabi-4.4.3/prebuilt/windows/bin/../lib/gcc/arm-linux-androideabi/4.4.3\libgcc.a(unwind-arm.o)
 .debug_pubnames
                0x000004e9       0xb7 c:/soft/Android/android-ndk-r7b/toolchains/arm-linux-androideabi-4.4.3/prebuilt/windows/bin/../lib/gcc/arm-linux-androideabi/4.4.3\libgcc.a(pr-support.o)
 .debug_pubnames
                0x000005a0       0x1f c:/soft/Android/android-ndk-r7b/toolchains/arm-linux-androideabi-4.4.3/prebuilt/windows/bin/../lib/gcc/arm-linux-androideabi/4.4.3\libgcc.a(_divdi3.o)
 .debug_pubnames
                0x000005bf       0x20 c:/soft/Android/android-ndk-r7b/toolchains/arm-linux-androideabi-4.4.3/prebuilt/windows/bin/../lib/gcc/arm-linux-androideabi/4.4.3\libgcc.a(_udivdi3.o)

.debug_info     0x00000000     0x8881
 *(.debug_info .gnu.linkonce.wi.*)
 .debug_info    0x00000000     0x5bcb debug\rooOpenUDID_platform.os
 .debug_info    0x00005bcb      0x11e debug\rooOpenUDID.os
 .debug_info    0x00005ce9      0x14b debug\rooOpenUDID_register.os
 .debug_info    0x00005e34       0xcd c:/soft/Android/android-ndk-r7b/toolchains/arm-linux-androideabi-4.4.3/prebuilt/windows/bin/../lib/gcc/arm-linux-androideabi/4.4.3\libgcc.a(_aeabi_ldivmod.o)
 .debug_info    0x00005f01       0xde c:/soft/Android/android-ndk-r7b/toolchains/arm-linux-androideabi-4.4.3/prebuilt/windows/bin/../lib/gcc/arm-linux-androideabi/4.4.3\libgcc.a(bpabi.o)
 .debug_info    0x00005fdf     0x1424 c:/soft/Android/android-ndk-r7b/toolchains/arm-linux-androideabi-4.4.3/prebuilt/windows/bin/../lib/gcc/arm-linux-androideabi/4.4.3\libgcc.a(unwind-arm.o)
 .debug_info    0x00007403       0xd1 c:/soft/Android/android-ndk-r7b/toolchains/arm-linux-androideabi-4.4.3/prebuilt/windows/bin/../lib/gcc/arm-linux-androideabi/4.4.3\libgcc.a(libunwind.o)
 .debug_info    0x000074d4      0x636 c:/soft/Android/android-ndk-r7b/toolchains/arm-linux-androideabi-4.4.3/prebuilt/windows/bin/../lib/gcc/arm-linux-androideabi/4.4.3\libgcc.a(pr-support.o)
 .debug_info    0x00007b0a      0x606 c:/soft/Android/android-ndk-r7b/toolchains/arm-linux-androideabi-4.4.3/prebuilt/windows/bin/../lib/gcc/arm-linux-androideabi/4.4.3\libgcc.a(_divdi3.o)
 .debug_info    0x00008110      0x5cb c:/soft/Android/android-ndk-r7b/toolchains/arm-linux-androideabi-4.4.3/prebuilt/windows/bin/../lib/gcc/arm-linux-androideabi/4.4.3\libgcc.a(_udivdi3.o)
 .debug_info    0x000086db       0xd3 c:/soft/Android/android-ndk-r7b/toolchains/arm-linux-androideabi-4.4.3/prebuilt/windows/bin/../lib/gcc/arm-linux-androideabi/4.4.3\libgcc.a(_udivsi3.o)
 .debug_info    0x000087ae       0xd3 c:/soft/Android/android-ndk-r7b/toolchains/arm-linux-androideabi-4.4.3/prebuilt/windows/bin/../lib/gcc/arm-linux-androideabi/4.4.3\libgcc.a(_dvmd_lnx.o)

.debug_abbrev   0x00000000      0xd94
 *(.debug_abbrev)
 .debug_abbrev  0x00000000      0x284 debug\rooOpenUDID_platform.os
 .debug_abbrev  0x00000284       0xb7 debug\rooOpenUDID.os
 .debug_abbrev  0x0000033b       0xcc debug\rooOpenUDID_register.os
 .debug_abbrev  0x00000407       0x14 c:/soft/Android/android-ndk-r7b/toolchains/arm-linux-androideabi-4.4.3/prebuilt/windows/bin/../lib/gcc/arm-linux-androideabi/4.4.3\libgcc.a(_aeabi_ldivmod.o)
 .debug_abbrev  0x0000041b       0x6a c:/soft/Android/android-ndk-r7b/toolchains/arm-linux-androideabi-4.4.3/prebuilt/windows/bin/../lib/gcc/arm-linux-androideabi/4.4.3\libgcc.a(bpabi.o)
 .debug_abbrev  0x00000485      0x3bb c:/soft/Android/android-ndk-r7b/toolchains/arm-linux-androideabi-4.4.3/prebuilt/windows/bin/../lib/gcc/arm-linux-androideabi/4.4.3\libgcc.a(unwind-arm.o)
 .debug_abbrev  0x00000840       0x14 c:/soft/Android/android-ndk-r7b/toolchains/arm-linux-androideabi-4.4.3/prebuilt/windows/bin/../lib/gcc/arm-linux-androideabi/4.4.3\libgcc.a(libunwind.o)
 .debug_abbrev  0x00000854      0x220 c:/soft/Android/android-ndk-r7b/toolchains/arm-linux-androideabi-4.4.3/prebuilt/windows/bin/../lib/gcc/arm-linux-androideabi/4.4.3\libgcc.a(pr-support.o)
 .debug_abbrev  0x00000a74      0x18b c:/soft/Android/android-ndk-r7b/toolchains/arm-linux-androideabi-4.4.3/prebuilt/windows/bin/../lib/gcc/arm-linux-androideabi/4.4.3\libgcc.a(_divdi3.o)
 .debug_abbrev  0x00000bff      0x16d c:/soft/Android/android-ndk-r7b/toolchains/arm-linux-androideabi-4.4.3/prebuilt/windows/bin/../lib/gcc/arm-linux-androideabi/4.4.3\libgcc.a(_udivdi3.o)
 .debug_abbrev  0x00000d6c       0x14 c:/soft/Android/android-ndk-r7b/toolchains/arm-linux-androideabi-4.4.3/prebuilt/windows/bin/../lib/gcc/arm-linux-androideabi/4.4.3\libgcc.a(_udivsi3.o)
 .debug_abbrev  0x00000d80       0x14 c:/soft/Android/android-ndk-r7b/toolchains/arm-linux-androideabi-4.4.3/prebuilt/windows/bin/../lib/gcc/arm-linux-androideabi/4.4.3\libgcc.a(_dvmd_lnx.o)

.debug_line     0x00000000     0x1117
 *(.debug_line)
 .debug_line    0x00000000      0x33c debug\rooOpenUDID_platform.os
 .debug_line    0x0000033c       0xde debug\rooOpenUDID.os
 .debug_line    0x0000041a       0xe3 debug\rooOpenUDID_register.os
 .debug_line    0x000004fd       0x81 c:/soft/Android/android-ndk-r7b/toolchains/arm-linux-androideabi-4.4.3/prebuilt/windows/bin/../lib/gcc/arm-linux-androideabi/4.4.3\libgcc.a(_aeabi_ldivmod.o)
 .debug_line    0x0000057e       0x87 c:/soft/Android/android-ndk-r7b/toolchains/arm-linux-androideabi-4.4.3/prebuilt/windows/bin/../lib/gcc/arm-linux-androideabi/4.4.3\libgcc.a(bpabi.o)
 .debug_line    0x00000605      0x4aa c:/soft/Android/android-ndk-r7b/toolchains/arm-linux-androideabi-4.4.3/prebuilt/windows/bin/../lib/gcc/arm-linux-androideabi/4.4.3\libgcc.a(unwind-arm.o)
 .debug_line    0x00000aaf       0xcd c:/soft/Android/android-ndk-r7b/toolchains/arm-linux-androideabi-4.4.3/prebuilt/windows/bin/../lib/gcc/arm-linux-androideabi/4.4.3\libgcc.a(libunwind.o)
 .debug_line    0x00000b7c      0x1aa c:/soft/Android/android-ndk-r7b/toolchains/arm-linux-androideabi-4.4.3/prebuilt/windows/bin/../lib/gcc/arm-linux-androideabi/4.4.3\libgcc.a(pr-support.o)
 .debug_line    0x00000d26      0x169 c:/soft/Android/android-ndk-r7b/toolchains/arm-linux-androideabi-4.4.3/prebuilt/windows/bin/../lib/gcc/arm-linux-androideabi/4.4.3\libgcc.a(_divdi3.o)
 .debug_line    0x00000e8f      0x159 c:/soft/Android/android-ndk-r7b/toolchains/arm-linux-androideabi-4.4.3/prebuilt/windows/bin/../lib/gcc/arm-linux-androideabi/4.4.3\libgcc.a(_udivdi3.o)
 .debug_line    0x00000fe8       0xa8 c:/soft/Android/android-ndk-r7b/toolchains/arm-linux-androideabi-4.4.3/prebuilt/windows/bin/../lib/gcc/arm-linux-androideabi/4.4.3\libgcc.a(_udivsi3.o)
 .debug_line    0x00001090       0x87 c:/soft/Android/android-ndk-r7b/toolchains/arm-linux-androideabi-4.4.3/prebuilt/windows/bin/../lib/gcc/arm-linux-androideabi/4.4.3\libgcc.a(_dvmd_lnx.o)

.debug_frame    0x00000000      0x844
 *(.debug_frame)
 .debug_frame   0x00000000      0x2a8 debug\rooOpenUDID_platform.os
 .debug_frame   0x000002a8       0x9c debug\rooOpenUDID.os
 .debug_frame   0x00000344       0x9c debug\rooOpenUDID_register.os
 .debug_frame   0x000003e0       0x60 c:/soft/Android/android-ndk-r7b/toolchains/arm-linux-androideabi-4.4.3/prebuilt/windows/bin/../lib/gcc/arm-linux-androideabi/4.4.3\libgcc.a(bpabi.o)
 .debug_frame   0x00000440      0x248 c:/soft/Android/android-ndk-r7b/toolchains/arm-linux-androideabi-4.4.3/prebuilt/windows/bin/../lib/gcc/arm-linux-androideabi/4.4.3\libgcc.a(unwind-arm.o)
 .debug_frame   0x00000688      0x108 c:/soft/Android/android-ndk-r7b/toolchains/arm-linux-androideabi-4.4.3/prebuilt/windows/bin/../lib/gcc/arm-linux-androideabi/4.4.3\libgcc.a(pr-support.o)
 .debug_frame   0x00000790       0x44 c:/soft/Android/android-ndk-r7b/toolchains/arm-linux-androideabi-4.4.3/prebuilt/windows/bin/../lib/gcc/arm-linux-androideabi/4.4.3\libgcc.a(_divdi3.o)
 .debug_frame   0x000007d4       0x48 c:/soft/Android/android-ndk-r7b/toolchains/arm-linux-androideabi-4.4.3/prebuilt/windows/bin/../lib/gcc/arm-linux-androideabi/4.4.3\libgcc.a(_udivdi3.o)
 .debug_frame   0x0000081c       0x28 c:/soft/Android/android-ndk-r7b/toolchains/arm-linux-androideabi-4.4.3/prebuilt/windows/bin/../lib/gcc/arm-linux-androideabi/4.4.3\libgcc.a(_udivsi3.o)

.debug_str      0x00000000     0x54e8
 *(.debug_str)
 .debug_str     0x00000000     0x4883 debug\rooOpenUDID_platform.os
                               0x4a04 (size before relaxing)
 .debug_str     0x00004883       0xa0 debug\rooOpenUDID.os
                                0x1fe (size before relaxing)
 .debug_str     0x00004923       0xe0 debug\rooOpenUDID_register.os
                                0x1eb (size before relaxing)
 .debug_str     0x00004a03       0x95 c:/soft/Android/android-ndk-r7b/toolchains/arm-linux-androideabi-4.4.3/prebuilt/windows/bin/../lib/gcc/arm-linux-androideabi/4.4.3\libgcc.a(bpabi.o)
                                 0xba (size before relaxing)
 .debug_str     0x00004a98      0x7f0 c:/soft/Android/android-ndk-r7b/toolchains/arm-linux-androideabi-4.4.3/prebuilt/windows/bin/../lib/gcc/arm-linux-androideabi/4.4.3\libgcc.a(unwind-arm.o)
                                0x8d0 (size before relaxing)
 .debug_str     0x00005288      0x119 c:/soft/Android/android-ndk-r7b/toolchains/arm-linux-androideabi-4.4.3/prebuilt/windows/bin/../lib/gcc/arm-linux-androideabi/4.4.3\libgcc.a(pr-support.o)
                                0x436 (size before relaxing)
 .debug_str     0x000053a1      0x13d c:/soft/Android/android-ndk-r7b/toolchains/arm-linux-androideabi-4.4.3/prebuilt/windows/bin/../lib/gcc/arm-linux-androideabi/4.4.3\libgcc.a(_divdi3.o)
                                0x1ed (size before relaxing)
 .debug_str     0x000054de        0xa c:/soft/Android/android-ndk-r7b/toolchains/arm-linux-androideabi-4.4.3/prebuilt/windows/bin/../lib/gcc/arm-linux-androideabi/4.4.3\libgcc.a(_udivdi3.o)
                                0x1ee (size before relaxing)

.debug_loc      0x00000000     0x2651
 *(.debug_loc)
 .debug_loc     0x00000000      0x3f8 debug\rooOpenUDID_platform.os
 .debug_loc     0x000003f8       0xa0 debug\rooOpenUDID.os
 .debug_loc     0x00000498       0xac debug\rooOpenUDID_register.os
 .debug_loc     0x00000544      0x120 c:/soft/Android/android-ndk-r7b/toolchains/arm-linux-androideabi-4.4.3/prebuilt/windows/bin/../lib/gcc/arm-linux-androideabi/4.4.3\libgcc.a(bpabi.o)
 .debug_loc     0x00000664      0xfef c:/soft/Android/android-ndk-r7b/toolchains/arm-linux-androideabi-4.4.3/prebuilt/windows/bin/../lib/gcc/arm-linux-androideabi/4.4.3\libgcc.a(unwind-arm.o)
 .debug_loc     0x00001653      0x2f9 c:/soft/Android/android-ndk-r7b/toolchains/arm-linux-androideabi-4.4.3/prebuilt/windows/bin/../lib/gcc/arm-linux-androideabi/4.4.3\libgcc.a(pr-support.o)
 .debug_loc     0x0000194c      0x6cf c:/soft/Android/android-ndk-r7b/toolchains/arm-linux-androideabi-4.4.3/prebuilt/windows/bin/../lib/gcc/arm-linux-androideabi/4.4.3\libgcc.a(_divdi3.o)
 .debug_loc     0x0000201b      0x636 c:/soft/Android/android-ndk-r7b/toolchains/arm-linux-androideabi-4.4.3/prebuilt/windows/bin/../lib/gcc/arm-linux-androideabi/4.4.3\libgcc.a(_udivdi3.o)

.debug_macinfo
 *(.debug_macinfo)

.debug_weaknames
 *(.debug_weaknames)

.debug_funcnames
 *(.debug_funcnames)

.debug_typenames
 *(.debug_typenames)

.debug_varnames
 *(.debug_varnames)

.debug_pubtypes
 *(.debug_pubtypes)

.debug_ranges   0x00000000      0x470
 *(.debug_ranges)
 .debug_ranges  0x00000000       0xc0 debug\rooOpenUDID_platform.os
 .debug_ranges  0x000000c0       0x30 debug\rooOpenUDID.os
 .debug_ranges  0x000000f0       0x30 debug\rooOpenUDID_register.os
 .debug_ranges  0x00000120      0x1f8 c:/soft/Android/android-ndk-r7b/toolchains/arm-linux-androideabi-4.4.3/prebuilt/windows/bin/../lib/gcc/arm-linux-androideabi/4.4.3\libgcc.a(unwind-arm.o)
 .debug_ranges  0x00000318       0x30 c:/soft/Android/android-ndk-r7b/toolchains/arm-linux-androideabi-4.4.3/prebuilt/windows/bin/../lib/gcc/arm-linux-androideabi/4.4.3\libgcc.a(pr-support.o)
 .debug_ranges  0x00000348       0xa0 c:/soft/Android/android-ndk-r7b/toolchains/arm-linux-androideabi-4.4.3/prebuilt/windows/bin/../lib/gcc/arm-linux-androideabi/4.4.3\libgcc.a(_divdi3.o)
 .debug_ranges  0x000003e8       0x88 c:/soft/Android/android-ndk-r7b/toolchains/arm-linux-androideabi-4.4.3/prebuilt/windows/bin/../lib/gcc/arm-linux-androideabi/4.4.3\libgcc.a(_udivdi3.o)

.gnu.attributes
 *(.gnu.attributes)

.note.gnu.arm.ident
 *(.note.gnu.arm.ident)

/DISCARD/
 *(.note.GNU-stack)
 *(.gnu_debuglink)
OUTPUT(C:\soft\marmalade\6.0\extensions\rooopenudid\lib\android\librooOpenUDID_d.so elf32-littlearm)

.ARM.attributes
                0x00000000       0x2b
 .ARM.attributes
                0x00000000       0x28 debug\rooOpenUDID_platform.os
 .ARM.attributes
                0x00000028       0x28 debug\rooOpenUDID.os
 .ARM.attributes
                0x00000050       0x28 debug\rooOpenUDID_register.os
 .ARM.attributes
                0x00000078       0x2c C:\soft\marmalade\6.0\s3e\edk\lib\android\libedk.a(IwDebug.o)
 .ARM.attributes
                0x000000a4       0x2c C:\soft\marmalade\6.0\s3e\edk\lib\android\libedk.a(edk_helpers.o)
 .ARM.attributes
                0x000000d0       0x19 c:/soft/Android/android-ndk-r7b/toolchains/arm-linux-androideabi-4.4.3/prebuilt/windows/bin/../lib/gcc/arm-linux-androideabi/4.4.3\libgcc.a(_aeabi_ldivmod.o)
 .ARM.attributes
                0x000000e9       0x29 c:/soft/Android/android-ndk-r7b/toolchains/arm-linux-androideabi-4.4.3/prebuilt/windows/bin/../lib/gcc/arm-linux-androideabi/4.4.3\libgcc.a(bpabi.o)
 .ARM.attributes
                0x00000112       0x29 c:/soft/Android/android-ndk-r7b/toolchains/arm-linux-androideabi-4.4.3/prebuilt/windows/bin/../lib/gcc/arm-linux-androideabi/4.4.3\libgcc.a(unwind-arm.o)
 .ARM.attributes
                0x0000013b       0x19 c:/soft/Android/android-ndk-r7b/toolchains/arm-linux-androideabi-4.4.3/prebuilt/windows/bin/../lib/gcc/arm-linux-androideabi/4.4.3\libgcc.a(libunwind.o)
 .ARM.attributes
                0x00000154       0x29 c:/soft/Android/android-ndk-r7b/toolchains/arm-linux-androideabi-4.4.3/prebuilt/windows/bin/../lib/gcc/arm-linux-androideabi/4.4.3\libgcc.a(pr-support.o)
 .ARM.attributes
                0x0000017d       0x29 c:/soft/Android/android-ndk-r7b/toolchains/arm-linux-androideabi-4.4.3/prebuilt/windows/bin/../lib/gcc/arm-linux-androideabi/4.4.3\libgcc.a(_divdi3.o)
 .ARM.attributes
                0x000001a6       0x29 c:/soft/Android/android-ndk-r7b/toolchains/arm-linux-androideabi-4.4.3/prebuilt/windows/bin/../lib/gcc/arm-linux-androideabi/4.4.3\libgcc.a(_udivdi3.o)
 .ARM.attributes
                0x000001cf       0x19 c:/soft/Android/android-ndk-r7b/toolchains/arm-linux-androideabi-4.4.3/prebuilt/windows/bin/../lib/gcc/arm-linux-androideabi/4.4.3\libgcc.a(_udivsi3.o)
 .ARM.attributes
                0x000001e8       0x19 c:/soft/Android/android-ndk-r7b/toolchains/arm-linux-androideabi-4.4.3/prebuilt/windows/bin/../lib/gcc/arm-linux-androideabi/4.4.3\libgcc.a(_dvmd_lnx.o)
